{
    "Standard_Multiome - plots included - 10x mtx": {
        "content": [
            {
                "0": [
                    [
                        {
                            "id": "test",
                            "single_end": true
                        },
                        "test_assignment.csv:md5,66be2271ebac3a677d8b090e96b1029e"
                    ]
                ],
                "1": [
                    [
                        {
                            "id": "test",
                            "single_end": true
                        },
                        "test_classification.csv:md5,06390a70ca6e68aa78662dcb8719f708"
                    ]
                ],
                "2": [
                    [
                        {
                            "id": "test",
                            "single_end": true
                        },
                        "test.R_sessionInfo.log:md5,a1b8e3a62e6470670c7afe1ca88b3234"
                    ]
                ],
                "3": [
                    [
                        {
                            "id": "test",
                            "single_end": true
                        },
                        "test_ridge_plot.jpeg:md5,e69df314a77575d9c6566983b1d9e55f"
                    ]
                ],
                "4": [
                    [
                        {
                            "id": "test",
                            "single_end": true
                        },
                        "test_feature_scatter_plot.jpeg:md5,590ca86fbdec0629cf216e79c16c023b"
                    ]
                ],
                "5": [
                    [
                        {
                            "id": "test",
                            "single_end": true
                        },
                        "test_violin_plot.jpeg:md5,fee57b08580699622b95ad8a4b89e6ba"
                    ]
                ],
                "6": [
                    
                ],
                "7": [
                    [
                        {
                            "id": "test",
                            "single_end": true
                        },
                        "test_tsne_classification.jpeg:md5,b421974f5d0522311e5bb8e61b4f544c"
                    ]
                ],
                "8": [
                    "versions.yml:md5,aea1fd7bd677abcbd5440531054e94e5"
                ],
                "assignment": [
                    [
                        {
                            "id": "test",
                            "single_end": true
                        },
                        "test_assignment.csv:md5,66be2271ebac3a677d8b090e96b1029e"
                    ]
                ],
                "classification": [
                    [
                        {
                            "id": "test",
                            "single_end": true
                        },
                        "test_classification.csv:md5,06390a70ca6e68aa78662dcb8719f708"
                    ]
                ],
                "featureScatter": [
                    [
                        {
                            "id": "test",
                            "single_end": true
                        },
                        "test_feature_scatter_plot.jpeg:md5,590ca86fbdec0629cf216e79c16c023b"
                    ]
                ],
                "ridgePlot": [
                    [
                        {
                            "id": "test",
                            "single_end": true
                        },
                        "test_ridge_plot.jpeg:md5,e69df314a77575d9c6566983b1d9e55f"
                    ]
                ],
                "session_info": [
                    [
                        {
                            "id": "test",
                            "single_end": true
                        },
                        "test.R_sessionInfo.log:md5,a1b8e3a62e6470670c7afe1ca88b3234"
                    ]
                ],
                "tSNE_hto_Plot": [
                    
                ],
                "tsne_classification": [
                    [
                        {
                            "id": "test",
                            "single_end": true
                        },
                        "test_tsne_classification.jpeg:md5,b421974f5d0522311e5bb8e61b4f544c"
                    ]
                ],
                "versions": [
                    "versions.yml:md5,aea1fd7bd677abcbd5440531054e94e5"
                ],
                "violingPlot": [
                    [
                        {
                            "id": "test",
                            "single_end": true
                        },
                        "test_violin_plot.jpeg:md5,fee57b08580699622b95ad8a4b89e6ba"
                    ]
                ]
            }
        ],
        "meta": {
            "nf-test": "0.8.4",
            "nextflow": "24.04.3"
        },
        "timestamp": "2024-08-16T18:04:50.366498"
    }
}